## ------------------------- ##
## po2bats 0.1.0 test suite. ##
## ------------------------- ##

testsuite: command line was:
  $ ./tests/testsuite -C tests AUTOTEST_PATH=/usr/local/bin

## ---------- ##
## ChangeLog. ##
## ---------- ##

| 2018-08-06  gettextize  <bug-gnu-gettext@gnu.org>
| 
| 	* Makefile.am (SUBDIRS): Add po.
| 	(ACLOCAL_AMFLAGS): New variable.
| 	(EXTRA_DIST): New variable.
| 	* configure.ac (AC_CONFIG_FILES): Add po/Makefile.in.
| 
| 2018-08-06  kim  <kimkim19642004@yahoo.co.jp>
| 
| 	* AUTHORS: New file

## --------- ##
## Platform. ##
## --------- ##

hostname = localhost.localdomain
uname -m = x86_64
uname -r = 4.17.11-200.fc28.x86_64
uname -s = Linux
uname -v = #1 SMP Mon Jul 30 15:21:09 UTC 2018

/usr/bin/uname -p = x86_64
/bin/uname -X     = unknown

/bin/arch              = x86_64
/usr/bin/arch -k       = unknown
/usr/convex/getsysinfo = unknown
/usr/bin/hostinfo      = unknown
/bin/machine           = unknown
/usr/bin/oslevel       = unknown
/bin/universe          = unknown

PATH: /usr/local/bin
PATH: /usr/share/Modules/bin
PATH: /usr/lib64/ccache
PATH: /usr/local/sbin
PATH: /usr/bin
PATH: /usr/sbin

testsuite: atconfig:
| # Configurable variable values for building test suites.
| # Generated by ./config.status.
| # Copyright (C) 2012 Free Software Foundation, Inc.
| 
| # The test suite will define top_srcdir=/../.. etc.
| at_testdir='tests'
| abs_builddir='/home/kim/workspace/po2bats-autotools/tests'
| at_srcdir='.'
| abs_srcdir='/home/kim/workspace/po2bats-autotools/tests'
| at_top_srcdir='..'
| abs_top_srcdir='/home/kim/workspace/po2bats-autotools'
| at_top_build_prefix='../'
| abs_top_builddir='/home/kim/workspace/po2bats-autotools'
| 
| # Backward compatibility with Autotest <= 2.59b:
| at_top_builddir=$at_top_build_prefix
| 
| AUTOTEST_PATH='tests'
| 
| SHELL=${CONFIG_SHELL-'/bin/sh'}

## ---------------- ##
## Tested programs. ##
## ---------------- ##

## ------------------ ##
## Running the tests. ##
## ------------------ ##
testsuite: starting at: Tue Aug  7 14:50:07 JST 2018
1. unit_tests (unit_tests.at:3): ok     (0m0.021s 0m0.037s)
testsuite: ending at: Tue Aug  7 14:50:07 JST 2018
testsuite: test suite duration: 0h 0m 0s

## ------------- ##
## Test results. ##
## ------------- ##

1 test was successful.
